arandr
archiso
autoconf
automake
base
bat
bison
bluedevil
bochs
breeze
breeze-gtk
bumblebee-status
ckb-next
clang
cmake
cowsay
dconf-editor
debugedit
dhcp
dhcpcd
discord
discover
dmenu
drkonqi
efibootmgr
fakeroot
feh
firefox
flex
gcc11
gedit
git
gnu-netcat
gparted
grub
gtk2
guake
i3-gaps
i3blocks
i3lock
i3status
kactivitymanagerd
kde-cli-tools
kde-gtk-config
kdecoration
kdeplasma-addons
keepass
kgamma5
khotkeys
kinfocenter
kitty
kmenuedit
kpipewire
kscreen
kscreenlocker
ksshaskpass
ksystemstats
kwallet-pam
kwayland-integration
kwin
kwrited
layer-shell-qt
libkscreen
libksysguard
linux
linux-firmware
lolcat
m4
make
man-pages
milou
nodejs
noto-fonts-emoji
noto-fonts-extra
npm
ntfs-3g
nvidia
nvidia-utils
os-prober
oxygen
oxygen-sounds
patch
pavucontrol
pkgconf
plasma-browser-integration
plasma-desktop
plasma-disks
plasma-firewall
plasma-integration
plasma-nm
plasma-pa
plasma-sdk
plasma-systemmonitor
plasma-thunderbolt
plasma-vault
plasma-workspace
plasma-workspace-wallpapers
polkit-kde-agent
powerdevil
python-pip
qemu-system-x86
sddm-kcm
sdl12-compat
snapd
spotify-launcher
ssh-tools
sudo
systemsettings
texinfo
thunar
thunderbird
tree
ttf-fira-code
ttf-font-awesome
ttf-joypixels
valgrind
vim
vlc
wget
which
xdg-desktop-portal-kde
xf86-video-vesa
xinit-xsession
xorg-bdftopcf
xorg-docs
xorg-font-util
xorg-fonts-100dpi
xorg-fonts-75dpi
xorg-iceauth
xorg-mkfontscale
xorg-server-devel
xorg-server-xephyr
xorg-server-xnest
xorg-server-xvfb
xorg-sessreg
xorg-smproxy
xorg-x11perf
xorg-xbacklight
xorg-xcmsdb
xorg-xcursorgen
xorg-xdriinfo
xorg-xev
xorg-xgamma
xorg-xhost
xorg-xinit
xorg-xinput
xorg-xkbevd
xorg-xkbutils
xorg-xkill
xorg-xlsatoms
xorg-xlsclients
xorg-xpr
xorg-xrefresh
xorg-xvinfo
xorg-xwayland
xorg-xwd
xorg-xwininfo
xorg-xwud
zsh
